<html>
<body>
<pre>
<h1>礦ision Build Log</h1>
<h2>Tool Versions:</h2>
IDE-Version: μVision V5.24.2.0
Copyright (C) 2017 ARM Ltd and ARM Germany GmbH. All rights reserved.
License Information: MA ChiCheng, LiGong, LIC=14HV2-92FY7-LQD0Q-NMX1L-89HMD-C5GKX
 
Tool Versions:
Toolchain:       MDK-ARM Plus  Version: 5.24.1
Toolchain Path:  D:\Engineering\Keil5 MDK\ARM\ARMCC\Bin
C Compiler:      Armcc.exe V5.06 update 5 (build 528)
Assembler:       Armasm.exe V5.06 update 5 (build 528)
Linker/Locator:  ArmLink.exe V5.06 update 5 (build 528)
Library Manager: ArmAr.exe V5.06 update 5 (build 528)
Hex Converter:   FromElf.exe V5.06 update 5 (build 528)
CPU DLL:         SARMCM3.DLL V5.24.1
Dialog DLL:      DCM.DLL V1.16.0.0
Target DLL:      STLink\ST-LINKIII-KEIL_SWO.dll V3.0.1.0
Dialog DLL:      TCM.DLL V1.32.0.0
 
<h2>Project:</h2>
C:\Users\18224\Desktop\课设\信号发生器\USER\DMA.uvprojx
Project File Date:  05/19/2024

<h2>Output:</h2>
*** Using Compiler 'V5.06 update 5 (build 528)', folder: 'D:\Engineering\Keil5 MDK\ARM\ARMCC\Bin'
Rebuild target 'DMA'
assembling startup_stm32f40_41xxx.s...
compiling stm32f4xx_it.c...
compiling main.c...
main.c(48): warning:  #177-D: variable "num"  was declared but never referenced
  	u8 num;
main.c(205): warning:  #177-D: variable "s"  was declared but never referenced
  	u8 s;
main.c(261): warning:  #1-D: last line of file ends without a newline
  }
main.c: 3 warnings, 0 errors
compiling led.c...
compiling dac.c...
compiling key.c...
compiling dma.c...
compiling sys.c...
compiling misc.c...
compiling timer.c...
..\HARDWARE\TIMER\timer.c(40): warning:  #177-D: variable "NVIC_InitStructure"  was declared but never referenced
  	NVIC_InitTypeDef NVIC_InitStructure;
..\HARDWARE\TIMER\timer.c: 1 warning, 0 errors
compiling usart.c...
compiling delay.c...
compiling myiic.c...
compiling stm32f4xx_dma.c...
compiling system_stm32f4xx.c...
compiling stm32f4xx_gpio.c...
compiling stm32f4xx_usart.c...
compiling stm32f4xx_fsmc.c...
compiling stm32f4xx_syscfg.c...
compiling stm32f4xx_dac.c...
compiling stm32f4xx_rcc.c...
compiling stm32f4xx_tim.c...
linking...
Program Size: Code=14414 RO-data=730 RW-data=404 ZI-data=3132  
FromELF: creating hex file...
"..\OBJ\DMA.axf" - 0 Error(s), 4 Warning(s).

<h2>Software Packages used:</h2>

Package Vendor: Keil
                http://www.keil.com/pack/Keil.STM32F4xx_DFP.1.0.8.pack
                Keil.STM32F4xx_DFP.1.0.8
                STMicroelectronics STM32F4 Series Device Support, Drivers and Examples

<h2>Collection of Component include folders:</h2>
  .\RTE\_DMA
  D:\Engineering\Keil5 MDK\ARM\PACK\Keil\STM32F4xx_DFP\1.0.8\Device\Include

<h2>Collection of Component Files used:</h2>
Build Time Elapsed:  00:00:01
</pre>
</body>
</html>
